{
    "registration - easyreg": {
        "content": [
            "test_floating_registered.nii.gz",
            "test_reference_registered.nii.gz",
            "test_forward_field.nii.gz",
            "test_backward_field.nii.gz",
            "test_floating_segmentation.nii.gz:md5:header,74ed7e917b9fde7b2aaba7f512cc1edf,data,e1ed38ea961180d3e4c03a56c1c7bc4c",
            "test_reference_segmentation.nii.gz",
            [
                "versions.yml:md5,3f38c911476c605480c02e484fcf6e9f"
            ]
        ],
        "meta": {
            "nf-test": "0.9.0",
            "nextflow": "24.04.4"
        },
        "timestamp": "2024-10-25T14:12:29.150266819"
    },
    "registration - antsRegistration": {
        "content": [
            {
                "0": [
                    [
                        {
                            "id": "test",
                            "single_end": false
                        },
                        "test__t1_warped.nii.gz:md5,9c34f424900adea263e39ed1f37a793f"
                    ]
                ],
                "1": [
                    
                ],
                "2": [
                    [
                        {
                            "id": "test",
                            "single_end": false
                        },
                        "test__output1Warp.nii.gz:md5,e0995852e251bee5521572a4495a0bd6",
                        "test__output0GenericAffine.mat:md5,6eef07f9004fb96e57ae0404ffef174c"
                    ]
                ],
                "3": [
                    [
                        {
                            "id": "test",
                            "single_end": false
                        },
                        "test__output0GenericAffine.mat:md5,6eef07f9004fb96e57ae0404ffef174c",
                        "test__output1InverseWarp.nii.gz:md5,28694d2b41f5209ab8f1acbb219014fe"
                    ]
                ],
                "4": [
                    
                ],
                "5": [
                    
                ],
                "6": [
                    "versions.yml:md5,df4f87e4cf013e11f65c490298bc1249"
                ],
                "image_warped": [
                    [
                        {
                            "id": "test",
                            "single_end": false
                        },
                        "test__t1_warped.nii.gz:md5,9c34f424900adea263e39ed1f37a793f"
                    ]
                ],
                "ref_segmentation": [
                    
                ],
                "ref_warped": [
                    
                ],
                "segmentation": [
                    
                ],
                "transfo_image": [
                    [
                        {
                            "id": "test",
                            "single_end": false
                        },
                        "test__output1Warp.nii.gz:md5,e0995852e251bee5521572a4495a0bd6",
                        "test__output0GenericAffine.mat:md5,6eef07f9004fb96e57ae0404ffef174c"
                    ]
                ],
                "transfo_trk": [
                    [
                        {
                            "id": "test",
                            "single_end": false
                        },
                        "test__output0GenericAffine.mat:md5,6eef07f9004fb96e57ae0404ffef174c",
                        "test__output1InverseWarp.nii.gz:md5,28694d2b41f5209ab8f1acbb219014fe"
                    ]
                ],
                "versions": [
                    "versions.yml:md5,df4f87e4cf013e11f65c490298bc1249"
                ]
            }
        ],
        "meta": {
            "nf-test": "0.9.0",
            "nextflow": "24.04.4"
        },
        "timestamp": "2024-10-25T09:25:14.344251"
    },
    "registration - SyNQuick": {
        "content": [
            {
                "0": [
                    [
                        {
                            "id": "test",
                            "single_end": false
                        },
                        "test__warped.nii.gz:md5,40010055cb124e9a5e61a2565f1f5db2"
                    ]
                ],
                "1": [
                    
                ],
                "2": [
                    [
                        {
                            "id": "test",
                            "single_end": false
                        },
                        [
                            "test__output0Warp.nii.gz:md5,790b8a076b1c146ffbb1d3ae614927d9",
                            "test__output1GenericAffine.mat:md5,b8f7939863fdef61b97d93f2b6021e12"
                        ]
                    ]
                ],
                "3": [
                    [
                        {
                            "id": "test",
                            "single_end": false
                        },
                        [
                            "test__output0InverseAffine.mat:md5,966aac28b5eda0fc6299672bfbeeb3ee",
                            "test__output1InverseWarp.nii.gz:md5,f6c7df8d65a8e31af3250bf8be5aece9"
                        ]
                    ]
                ],
                "4": [
                    
                ],
                "5": [
                    
                ],
                "6": [
                    "versions.yml:md5,9fe7f597ac6c76efff8851f9b672f17b"
                ],
                "image_warped": [
                    [
                        {
                            "id": "test",
                            "single_end": false
                        },
                        "test__warped.nii.gz:md5,40010055cb124e9a5e61a2565f1f5db2"
                    ]
                ],
                "ref_segmentation": [
                    
                ],
                "ref_warped": [
                    
                ],
                "segmentation": [
                    
                ],
                "transfo_image": [
                    [
                        {
                            "id": "test",
                            "single_end": false
                        },
                        [
                            "test__output0Warp.nii.gz:md5,790b8a076b1c146ffbb1d3ae614927d9",
                            "test__output1GenericAffine.mat:md5,b8f7939863fdef61b97d93f2b6021e12"
                        ]
                    ]
                ],
                "transfo_trk": [
                    [
                        {
                            "id": "test",
                            "single_end": false
                        },
                        [
                            "test__output0InverseAffine.mat:md5,966aac28b5eda0fc6299672bfbeeb3ee",
                            "test__output1InverseWarp.nii.gz:md5,f6c7df8d65a8e31af3250bf8be5aece9"
                        ]
                    ]
                ],
                "versions": [
                    "versions.yml:md5,9fe7f597ac6c76efff8851f9b672f17b"
                ]
            }
        ],
        "meta": {
            "nf-test": "0.9.0",
            "nextflow": "24.04.4"
        },
        "timestamp": "2024-10-25T09:19:43.397585"
    }
}