{
    "registration - anattodwi": {
        "content": [
            {
                "0": [
                    [
                        {
                            "id": "test",
                            "single_end": false
                        },
                        "test__output0GenericAffine.mat:md5,6eef07f9004fb96e57ae0404ffef174c",
                        "test__output1InverseWarp.nii.gz:md5,28694d2b41f5209ab8f1acbb219014fe"
                    ]
                ],
                "1": [
                    [
                        {
                            "id": "test",
                            "single_end": false
                        },
                        "test__output1Warp.nii.gz:md5,e0995852e251bee5521572a4495a0bd6",
                        "test__output0GenericAffine.mat:md5,6eef07f9004fb96e57ae0404ffef174c"
                    ]
                ],
                "2": [
                    [
                        {
                            "id": "test",
                            "single_end": false
                        },
                        "test__t1_warped.nii.gz:md5,9c34f424900adea263e39ed1f37a793f"
                    ]
                ],
                "3": [
                    "versions.yml:md5,4c48209a8bd74e5b5194b799152df754"
                ],
                "t1_warped": [
                    [
                        {
                            "id": "test",
                            "single_end": false
                        },
                        "test__t1_warped.nii.gz:md5,9c34f424900adea263e39ed1f37a793f"
                    ]
                ],
                "transfo_image": [
                    [
                        {
                            "id": "test",
                            "single_end": false
                        },
                        "test__output1Warp.nii.gz:md5,e0995852e251bee5521572a4495a0bd6",
                        "test__output0GenericAffine.mat:md5,6eef07f9004fb96e57ae0404ffef174c"
                    ]
                ],
                "transfo_trk": [
                    [
                        {
                            "id": "test",
                            "single_end": false
                        },
                        "test__output0GenericAffine.mat:md5,6eef07f9004fb96e57ae0404ffef174c",
                        "test__output1InverseWarp.nii.gz:md5,28694d2b41f5209ab8f1acbb219014fe"
                    ]
                ],
                "versions": [
                    "versions.yml:md5,4c48209a8bd74e5b5194b799152df754"
                ]
            }
        ],
        "meta": {
            "nf-test": "0.9.0",
            "nextflow": "24.04.4"
        },
        "timestamp": "2024-10-25T15:05:47.707432102"
    }
}