{
    "registration - synthregistration": {
        "content": [
            "test__output_warped.nii.gz",
            "test__deform_warp.nii.gz",
            "test__affine_warp.lta",
            [
                "versions.yml:md5,6f946408922f25f1a8182d35615b6d7b"
            ]
        ],
        "meta": {
            "nf-test": "0.9.2",
            "nextflow": "24.04.3"
        },
        "timestamp": "2024-12-18T13:10:28.733204"
    }
}
