{
    "registration - antsapplytransforms": {
        "content": [
            {
                "0": [
                    [
                        {
                            "id": "test",
                            "single_end": false
                        },
                        "test__warped.nii.gz:md5,f5df5ab8622bfd2f3ea4c59e3c4f482e"
                    ]
                ],
                "1": [
                    "versions.yml:md5,f45b96ead53b75f1fc565461836b1475"
                ],
                "versions": [
                    "versions.yml:md5,f45b96ead53b75f1fc565461836b1475"
                ],
                "warped_image": [
                    [
                        {
                            "id": "test",
                            "single_end": false
                        },
                        "test__warped.nii.gz:md5,f5df5ab8622bfd2f3ea4c59e3c4f482e"
                    ]
                ]
            }
        ],
        "meta": {
            "nf-test": "0.9.0",
            "nextflow": "24.04.4"
        },
        "timestamp": "2024-10-25T18:07:26.443335534"
    }
}