{
    "tracking - pfttracking - fa": {
        "content": [
            "test__pft_tracking.trk",
            [
                [
                    {
                        "id": "test",
                        "single_end": false
                    },
                    "test__pft_tracking_config.json:md5,d8a7d811f0c9bec571e8e583b0aecb94"
                ]
            ],
            [
                [
                    {
                        "id": "test",
                        "single_end": false
                    },
                    "test__map_include.nii.gz:md5,b974759b87b8d920195d93f86219f2ee"
                ]
            ],
            [
                [
                    {
                        "id": "test",
                        "single_end": false
                    },
                    "test__map_exclude.nii.gz:md5,2876363d0394ea01534738650d78f441"
                ]
            ],
            [
                [
                    {
                        "id": "test",
                        "single_end": false
                    },
                    "test__pft_seeding_mask.nii.gz:md5,fd41bd41399bd7234721715e6ecca018"
                ]
            ],
            [
                "versions.yml:md5,2ae3399d07ef00610deae7988357dd55"
            ]
        ],
        "meta": {
            "nf-test": "0.9.0",
            "nextflow": "24.04.4"
        },
        "timestamp": "2024-10-24T19:53:53.332859167"
    },
    "tracking - pfttracking - interface": {
        "content": [
            "test__pft_tracking.trk",
            [
                [
                    {
                        "id": "test",
                        "single_end": false
                    },
                    "test__pft_tracking_config.json:md5,7e326ef48dfda3d63e288f3f49d29847"
                ]
            ],
            [
                [
                    {
                        "id": "test",
                        "single_end": false
                    },
                    "test__map_include.nii.gz:md5,b974759b87b8d920195d93f86219f2ee"
                ]
            ],
            [
                [
                    {
                        "id": "test",
                        "single_end": false
                    },
                    "test__map_exclude.nii.gz:md5,2876363d0394ea01534738650d78f441"
                ]
            ],
            [
                "versions.yml:md5,2ae3399d07ef00610deae7988357dd55"
            ],
            [
                [
                    {
                        "id": "test",
                        "single_end": false
                    },
                    "test__pft_seeding_mask.nii.gz:md5,4c9bb24b937fa8ee77923877f2ee6fd1"
                ]
            ]
        ],
        "meta": {
            "nf-test": "0.9.0",
            "nextflow": "24.04.4"
        },
        "timestamp": "2024-10-24T19:54:04.257171663"
    },
    "tracking - pfttracking - wm": {
        "content": [
            "test__pft_tracking.trk",
            [
                [
                    {
                        "id": "test",
                        "single_end": false
                    },
                    "test__pft_tracking_config.json:md5,bedf3ac8834d78389b3b58809f0bb750"
                ]
            ],
            [
                [
                    {
                        "id": "test",
                        "single_end": false
                    },
                    "test__map_include.nii.gz:md5,b974759b87b8d920195d93f86219f2ee"
                ]
            ],
            [
                [
                    {
                        "id": "test",
                        "single_end": false
                    },
                    "test__map_exclude.nii.gz:md5,2876363d0394ea01534738650d78f441"
                ]
            ],
            [
                [
                    {
                        "id": "test",
                        "single_end": false
                    },
                    "test__pft_seeding_mask.nii.gz:md5,4710e63db72f7dda7c10e46346bf98d3"
                ]
            ],
            [
                "versions.yml:md5,2ae3399d07ef00610deae7988357dd55"
            ]
        ],
        "meta": {
            "nf-test": "0.9.0",
            "nextflow": "24.04.4"
        },
        "timestamp": "2024-10-24T19:53:38.784232647"
    }
}