{
    "reconst - fodf_msmt": {
        "content": [
            "test__fodf.nii.gz",
            "test__wm_fodf.nii.gz",
            "test__gm_fodf.nii.gz",
            "test__csf_fodf.nii.gz",
            "test__vf.nii.gz",
            "test__vf_rgb.nii.gz",
            "test__peaks.nii.gz",
            "test__peak_values.nii.gz",
            "test__peak_indices.nii.gz",
            "test__afd_max.nii.gz",
            "test__afd_total.nii.gz",
            "test__afd_sum.nii.gz",
            "test__nufo.nii.gz",
            [
                [
                    {
                        "id": "test"
                    },
                    "test__ventricles_mask.nii.gz:md5,848409863defb87ed4e29e8e50e5dbc8"
                ]
            ],
            [
                "versions.yml:md5,f80e57f2c24a4a1fd403de1d132ec6e7"
            ]
        ],
        "meta": {
            "nf-test": "0.9.0",
            "nextflow": "24.04.4"
        },
        "timestamp": "2024-11-12T20:01:53.02243736"
    },
    "reconst - fodf": {
        "content": [
            "test__fodf.nii.gz:md5:header,b6ba80bf9e8830bc10f9b8b091b9b34b,data,24baf44d4f5d75e6156e7d448eb9393a",
            "test__peaks.nii.gz",
            "test__peak_values.nii.gz:md5:header,f55799c7ffe93b1148a313f0aade0f5f,data,2449c61f84ea3f605c1787e9d83338d1",
            "test__peak_indices.nii.gz",
            [
                [
                    {
                        "id": "test"
                    },
                    "test__afd_max.nii.gz:md5,9dbb9a0ce187b41a2a102fa3d3ca8ab7"
                ]
            ],
            [
                [
                    {
                        "id": "test"
                    },
                    "test__afd_total.nii.gz:md5,01a6fc27716a79cb57e1faed7ff8297b"
                ]
            ],
            "test__afd_sum.nii.gz:md5:header,c9e720b9a8acfe45a617e6486ebb8de0,data,ee3aff13954be703a5cf4ab604c8eafa",
            [
                [
                    {
                        "id": "test"
                    },
                    "test__nufo.nii.gz:md5,458bdae89a9918b2dfc13f154bde5e1b"
                ]
            ],
            [
                "versions.yml:md5,f80e57f2c24a4a1fd403de1d132ec6e7"
            ]
        ],
        "meta": {
            "nf-test": "0.9.0",
            "nextflow": "24.04.4"
        },
        "timestamp": "2024-11-14T20:46:21.956053982"
    },
    "reconst - fodf_no_metrics": {
        "content": [
            "test__fodf.nii.gz:md5:header,b6ba80bf9e8830bc10f9b8b091b9b34b,data,24baf44d4f5d75e6156e7d448eb9393a",
            [
                "versions.yml:md5,f80e57f2c24a4a1fd403de1d132ec6e7"
            ]
        ],
        "meta": {
            "nf-test": "0.9.0",
            "nextflow": "24.04.4"
        },
        "timestamp": "2024-11-12T22:14:25.926392952"
    },
    "reconst - fodf_with_shells": {
        "content": [
            "test__fodf.nii.gz:md5:header,b6ba80bf9e8830bc10f9b8b091b9b34b,data,f25eaf88162605407297dfad70c913f2",
            "test__peaks.nii.gz",
            "test__peak_values.nii.gz:md5:header,f55799c7ffe93b1148a313f0aade0f5f,data,59ed163b180b612419ec754b08da98eb",
            "test__peak_indices.nii.gz",
            [
                [
                    {
                        "id": "test"
                    },
                    "test__afd_max.nii.gz:md5,61fb2106315ec2a20c4590b98d7e1a2c"
                ]
            ],
            [
                [
                    {
                        "id": "test"
                    },
                    "test__afd_total.nii.gz:md5,31edb24c528419fcb8f6f423479e8cd9"
                ]
            ],
            "test__afd_sum.nii.gz:md5:header,c9e720b9a8acfe45a617e6486ebb8de0,data,42a8407c3b6e9f743ed01e625c209c03",
            [
                [
                    {
                        "id": "test"
                    },
                    "test__nufo.nii.gz:md5,a8c3883e9dc99a661998d8cae6f08051"
                ]
            ],
            [
                "versions.yml:md5,f80e57f2c24a4a1fd403de1d132ec6e7"
            ]
        ],
        "meta": {
            "nf-test": "0.9.0",
            "nextflow": "24.04.4"
        },
        "timestamp": "2024-11-14T20:47:10.242722801"
    }
}
