{
    "bundle - stats - stub-run": {
        "content": [
            [
                "versions.yml:md5,2a73062ec9856a8e64adff5aa950661b"
            ]
        ],
        "meta": {
            "nf-test": "0.9.0",
            "nextflow": "25.04.8"
        },
        "timestamp": "2025-10-21T15:08:07.573602223"
    },
    "bundle - stats - lesions": {
        "content": [
            [
                "versions.yml:md5,2a73062ec9856a8e64adff5aa950661b"
            ],
            [
                [
                    {
                        "id": "test",
                        "single_end": false
                    },
                    "test__IFGWM_endpoints_map_head.nii.gz:md5,c30b04f7b26cf16c84883be863b4cda8"
                ]
            ],
            [
                [
                    {
                        "id": "test",
                        "single_end": false
                    },
                    "test__endpoints_metric_stats.json:md5,37ef94482f4aaff07ad982a622976abf"
                ]
            ],
            [
                [
                    {
                        "id": "test",
                        "single_end": false
                    },
                    "test__endpoints_map_raw.json:md5,36d7f871b8970bd856695b37d8364cd1"
                ]
            ],
            [
                [
                    {
                        "id": "test",
                        "single_end": false
                    },
                    "test__IFGWM_endpoints_map_tail.nii.gz:md5,fcc25d5268ef940eb42b1a8909d36401"
                ]
            ],
            [
                [
                    {
                        "id": "test",
                        "single_end": false
                    },
                    "test__length_stats.json:md5,c343e1e2d731a5b900f7deafba3a274f"
                ]
            ],
            [
                [
                    {
                        "id": "test",
                        "single_end": false
                    },
                    "test__IFGWM_lesion_map.nii.gz:md5,2028b5a8bafca193d85df29a8f43c9b4"
                ]
            ],
            [
                [
                    {
                        "id": "test",
                        "single_end": false
                    },
                    "test__lesion_stats.json:md5,cefff165378a416816c1c7a644c4969c"
                ]
            ],
            [
                [
                    {
                        "id": "test",
                        "single_end": false
                    },
                    "test__mean_std.json:md5,f7463e5519063f7e0f32709d0dfdc1a2"
                ]
            ],
            [
                [
                    {
                        "id": "test",
                        "single_end": false
                    },
                    "test__mean_std_per_point.json:md5,efcac000fb6c0f607b7377154e68854c"
                ]
            ],
            [
                [
                    {
                        "id": "test",
                        "single_end": false
                    },
                    "test__streamline_count.json:md5,432344fd244a5d72a63758af7e7df6bb"
                ]
            ],
            [
                [
                    {
                        "id": "test",
                        "single_end": false
                    },
                    "test__streamline_count_lesions.json:md5,08433569dd80f6b1dd53193e7cf446d6"
                ]
            ],
            [
                [
                    {
                        "id": "test",
                        "single_end": false
                    },
                    "test__volume_lesions.json:md5,6221f9954d93904de992d5b7af99bcce"
                ]
            ],
            [
                [
                    {
                        "id": "test",
                        "single_end": false
                    },
                    "test__volume_per_label.json:md5,1ba8e9d51cc2dec86fdaa4498488424b"
                ]
            ],
            [
                [
                    {
                        "id": "test",
                        "single_end": false
                    },
                    "test__volume_per_label_lesions.json:md5,b9138245af55e3becd3c9e2bec2c9821"
                ]
            ],
            "test__volume.json"
        ],
        "meta": {
            "nf-test": "0.9.0",
            "nextflow": "25.04.8"
        },
        "timestamp": "2025-10-21T15:27:56.34609402"
    },
    "bundle - stats": {
        "content": [
            {
                "0": [
                    [
                        {
                            "id": "test",
                            "single_end": false
                        },
                        "test__length_stats.json:md5,c343e1e2d731a5b900f7deafba3a274f"
                    ]
                ],
                "1": [
                    [
                        {
                            "id": "test",
                            "single_end": false
                        },
                        "test__endpoints_map_raw.json:md5,36d7f871b8970bd856695b37d8364cd1"
                    ]
                ],
                "10": [
                    [
                        {
                            "id": "test",
                            "single_end": false
                        },
                        "test__mean_std_per_point.json:md5,811ff59ac345b475d9528af4f2462822"
                    ]
                ],
                "11": [
                    
                ],
                "12": [
                    [
                        {
                            "id": "test",
                            "single_end": false
                        },
                        "test__IFGWM_endpoints_map_head.nii.gz:md5,c30b04f7b26cf16c84883be863b4cda8"
                    ]
                ],
                "13": [
                    [
                        {
                            "id": "test",
                            "single_end": false
                        },
                        "test__IFGWM_endpoints_map_tail.nii.gz:md5,fcc25d5268ef940eb42b1a8909d36401"
                    ]
                ],
                "14": [
                    
                ],
                "15": [
                    [
                        {
                            "id": "test",
                            "single_end": false
                        },
                        "test__tractometry_mqc.tsv:md5,b740883e0f7255cfc2d998acae85994f"
                    ]
                ],
                "16": [
                    "versions.yml:md5,2a73062ec9856a8e64adff5aa950661b"
                ],
                "2": [
                    [
                        {
                            "id": "test",
                            "single_end": false
                        },
                        "test__endpoints_metric_stats.json:md5,f61a0aa763565927f5eb8e8dc777697e"
                    ]
                ],
                "3": [
                    [
                        {
                            "id": "test",
                            "single_end": false
                        },
                        "test__mean_std.json:md5,3e5f23039ee3cfa8c794611225a22bca"
                    ]
                ],
                "4": [
                    
                ],
                "5": [
                    
                ],
                "6": [
                    
                ],
                "7": [
                    
                ],
                "8": [
                    [
                        {
                            "id": "test",
                            "single_end": false
                        },
                        "test__volume_per_label.json:md5,1ba8e9d51cc2dec86fdaa4498488424b"
                    ]
                ],
                "9": [
                    
                ],
                "endpoints_head": [
                    [
                        {
                            "id": "test",
                            "single_end": false
                        },
                        "test__IFGWM_endpoints_map_head.nii.gz:md5,c30b04f7b26cf16c84883be863b4cda8"
                    ]
                ],
                "endpoints_metric_stats": [
                    [
                        {
                            "id": "test",
                            "single_end": false
                        },
                        "test__endpoints_metric_stats.json:md5,f61a0aa763565927f5eb8e8dc777697e"
                    ]
                ],
                "endpoints_raw": [
                    [
                        {
                            "id": "test",
                            "single_end": false
                        },
                        "test__endpoints_map_raw.json:md5,36d7f871b8970bd856695b37d8364cd1"
                    ]
                ],
                "endpoints_tail": [
                    [
                        {
                            "id": "test",
                            "single_end": false
                        },
                        "test__IFGWM_endpoints_map_tail.nii.gz:md5,fcc25d5268ef940eb42b1a8909d36401"
                    ]
                ],
                "length": [
                    [
                        {
                            "id": "test",
                            "single_end": false
                        },
                        "test__length_stats.json:md5,c343e1e2d731a5b900f7deafba3a274f"
                    ]
                ],
                "lesion_map": [
                    
                ],
                "lesion_stats": [
                    
                ],
                "mean_std": [
                    [
                        {
                            "id": "test",
                            "single_end": false
                        },
                        "test__mean_std.json:md5,3e5f23039ee3cfa8c794611225a22bca"
                    ]
                ],
                "mean_std_per_point": [
                    [
                        {
                            "id": "test",
                            "single_end": false
                        },
                        "test__mean_std_per_point.json:md5,811ff59ac345b475d9528af4f2462822"
                    ]
                ],
                "mqc": [
                    [
                        {
                            "id": "test",
                            "single_end": false
                        },
                        "test__tractometry_mqc.tsv:md5,b740883e0f7255cfc2d998acae85994f"
                    ]
                ],
                "streamline_count": [
                    
                ],
                "streamline_count_lesions": [
                    
                ],
                "versions": [
                    "versions.yml:md5,2a73062ec9856a8e64adff5aa950661b"
                ],
                "volume": [
                    
                ],
                "volume_lesions": [
                    
                ],
                "volume_per_labels": [
                    [
                        {
                            "id": "test",
                            "single_end": false
                        },
                        "test__volume_per_label.json:md5,1ba8e9d51cc2dec86fdaa4498488424b"
                    ]
                ],
                "volume_per_labels_lesions": [
                    
                ]
            }
        ],
        "meta": {
            "nf-test": "0.9.0",
            "nextflow": "25.04.8"
        },
        "timestamp": "2025-10-22T09:03:56.1800152"
    },
    "bundle - stats - light": {
        "content": [
            {
                "0": [
                    
                ],
                "1": [
                    
                ],
                "10": [
                    
                ],
                "11": [
                    
                ],
                "12": [
                    
                ],
                "13": [
                    
                ],
                "14": [
                    
                ],
                "15": [
                    
                ],
                "16": [
                    "versions.yml:md5,2a73062ec9856a8e64adff5aa950661b"
                ],
                "2": [
                    
                ],
                "3": [
                    
                ],
                "4": [
                    
                ],
                "5": [
                    
                ],
                "6": [
                    [
                        {
                            "id": "test",
                            "single_end": false
                        },
                        "test__streamline_count.json:md5,bedf1fbd223dd47d9a8970dc779f296f"
                    ]
                ],
                "7": [
                    
                ],
                "8": [
                    
                ],
                "9": [
                    
                ],
                "endpoints_head": [
                    
                ],
                "endpoints_metric_stats": [
                    
                ],
                "endpoints_raw": [
                    
                ],
                "endpoints_tail": [
                    
                ],
                "length": [
                    
                ],
                "lesion_map": [
                    
                ],
                "lesion_stats": [
                    
                ],
                "mean_std": [
                    
                ],
                "mean_std_per_point": [
                    
                ],
                "mqc": [
                    
                ],
                "streamline_count": [
                    [
                        {
                            "id": "test",
                            "single_end": false
                        },
                        "test__streamline_count.json:md5,bedf1fbd223dd47d9a8970dc779f296f"
                    ]
                ],
                "streamline_count_lesions": [
                    
                ],
                "versions": [
                    "versions.yml:md5,2a73062ec9856a8e64adff5aa950661b"
                ],
                "volume": [
                    
                ],
                "volume_lesions": [
                    
                ],
                "volume_per_labels": [
                    
                ],
                "volume_per_labels_lesions": [
                    
                ]
            }
        ],
        "meta": {
            "nf-test": "0.9.0",
            "nextflow": "25.04.8"
        },
        "timestamp": "2025-10-22T09:00:04.784763777"
    }
}