{
    "io - readbids - folder": {
        "content": [
            {
                "0": [
                    "tractoflow_bids_struct.json:md5,58e0494c51d30eb3494f7c9198986bb9"
                ],
                "1": [
                    "versions.yml:md5,53cf301d7d6076acbc0691d3e7e52437"
                ],
                "bidsstructure": [
                    "tractoflow_bids_struct.json:md5,58e0494c51d30eb3494f7c9198986bb9"
                ],
                "versions": [
                    "versions.yml:md5,53cf301d7d6076acbc0691d3e7e52437"
                ]
            }
        ],
        "meta": {
            "nf-test": "0.9.0",
            "nextflow": "24.04.4"
        },
        "timestamp": "2024-10-24T19:43:56.536400136"
    }
}