{
    "preproc_t1_quick": {
        "content": [
            {
                "0": [
                    [
                        {
                            "id": "test",
                            "single_end": false
                        },
                        "test_cropped.nii.gz:md5,c507c9182cc410c298fad4a03540c0c9"
                    ]
                ],
                "1": [

                ],
                "2": [
                    [
                        {
                            "id": "test",
                            "single_end": false
                        },
                        "test__denoised.nii.gz:md5,c507c9182cc410c298fad4a03540c0c9"
                    ]
                ],
                "3": [
                    [
                        {
                            "id": "test",
                            "single_end": false
                        },
                        "test__denoised.nii.gz:md5,c507c9182cc410c298fad4a03540c0c9"
                    ]
                ],
                "4": [
                    [
                        {
                            "id": "test",
                            "single_end": false
                        },
                        "test_resampled.nii.gz:md5,c507c9182cc410c298fad4a03540c0c9"
                    ]
                ],
                "5": [
                    [
                        {
                            "id": "test",
                            "single_end": false
                        },
                        "test_resampled.nii.gz:md5,c507c9182cc410c298fad4a03540c0c9"
                    ]
                ],
                "6": [

                ],
                "7": [

                ],
                "8": [
                    "versions.yml:md5,bdd934b4b8456060c36d6d97e4f30740",
                    "versions.yml:md5,bf4dd58c38dd4863ebfb9e78a94c3a20",
                    "versions.yml:md5,ea32c30f5320f720b2f5dc32ac2535ea"
                ],
                "crop_box": [

                ],
                "image_N4": [
                    [
                        {
                            "id": "test",
                            "single_end": false
                        },
                        "test__denoised.nii.gz:md5,c507c9182cc410c298fad4a03540c0c9"
                    ]
                ],
                "image_bet": [
                    [
                        {
                            "id": "test",
                            "single_end": false
                        },
                        "test_resampled.nii.gz:md5,c507c9182cc410c298fad4a03540c0c9"
                    ]
                ],
                "image_nlmeans": [
                    [
                        {
                            "id": "test",
                            "single_end": false
                        },
                        "test__denoised.nii.gz:md5,c507c9182cc410c298fad4a03540c0c9"
                    ]
                ],
                "image_resample": [
                    [
                        {
                            "id": "test",
                            "single_end": false
                        },
                        "test_resampled.nii.gz:md5,c507c9182cc410c298fad4a03540c0c9"
                    ]
                ],
                "mask_bet": [

                ],
                "mask_final": [

                ],
                "t1_final": [
                    [
                        {
                            "id": "test",
                            "single_end": false
                        },
                        "test_cropped.nii.gz:md5,c507c9182cc410c298fad4a03540c0c9"
                    ]
                ],
                "versions": [
                    "versions.yml:md5,bdd934b4b8456060c36d6d97e4f30740",
                    "versions.yml:md5,bf4dd58c38dd4863ebfb9e78a94c3a20",
                    "versions.yml:md5,ea32c30f5320f720b2f5dc32ac2535ea"
                ]
            }
        ],
        "meta": {
            "nf-test": "0.9.0",
            "nextflow": "24.10.3"
        },
        "timestamp": "2025-01-14T10:02:29.972139887"
    },
    "preproc_t1_synthbet": {
        "content": [
            "test__denoised.nii.gz:md5:header,a7ee0e819007aba98d14f7a145b550e6,data,2e21433e2bcd4de2a6b6167c6233cd40",
            "test__image_n4.nii.gz:md5:header,e7cfbd06624321d70cbd667a77315ba3,data,a81e98f32ed963c098ccb07486101898",
            "test_resampled.nii.gz:md5:header,7628a07204938d640c3530fa3d76d2b7,data,a81e98f32ed963c098ccb07486101898",
            "test__bet_image.nii.gz:md5:header,38a09a5addf7c1f13dae1121c562f3b5,data,74f76699e09839809038875af1d9ae6c",
            "test__brain_mask.nii.gz:md5:header,8fc2b4ae979d881623dfd34d377d437d,data,2d61506dc4ab2f8093b731474ae7e45c",
            [
                [
                    {
                        "id": "test",
                        "single_end": false
                    },
                    "test_t1_cropped_bbox.pkl:md5,522d2c44d3ad1058ea77457a263e39c8"
                ]
            ],
            "test_cropped.nii.gz:md5:header,efab188f3700b5b29d4b4ef99cec1295,data,e551be653d402018fd73a4f708b1641e",
            "test_t1_cropped.nii.gz:md5:header,efab188f3700b5b29d4b4ef99cec1295,data,8a93b9d76ead7dae4af4792b9cf70479",
            [
                "versions.yml:md5,318cabe934be45528a25f52083d9c90d",
                "versions.yml:md5,b979132991d8f72a3585465533bd5730",
                "versions.yml:md5,bdd934b4b8456060c36d6d97e4f30740",
                "versions.yml:md5,be3dbb0ac2589ad263d583018f339102",
                "versions.yml:md5,bf4dd58c38dd4863ebfb9e78a94c3a20",
                "versions.yml:md5,ea32c30f5320f720b2f5dc32ac2535ea"
            ]
        ],
        "meta": {
            "nf-test": "0.9.0",
            "nextflow": "24.10.0"
        },
        "timestamp": "2024-11-25T18:23:03.990173398"
    },
    "preproc_t1_skip_all": {
        "content": [
            {
                "0": [
                    [
                        {
                            "id": "test",
                            "single_end": false
                        },
                        "T1w.nii.gz:md5,ce10054d30c0a0753c619d67d811fe32"
                    ]
                ],
                "1": [

                ],
                "2": [
                    [
                        {
                            "id": "test",
                            "single_end": false
                        },
                        "T1w.nii.gz:md5,ce10054d30c0a0753c619d67d811fe32"
                    ]
                ],
                "3": [
                    [
                        {
                            "id": "test",
                            "single_end": false
                        },
                        "T1w.nii.gz:md5,ce10054d30c0a0753c619d67d811fe32"
                    ]
                ],
                "4": [
                    [
                        {
                            "id": "test",
                            "single_end": false
                        },
                        "T1w.nii.gz:md5,ce10054d30c0a0753c619d67d811fe32"
                    ]
                ],
                "5": [
                    [
                        {
                            "id": "test",
                            "single_end": false
                        },
                        "T1w.nii.gz:md5,ce10054d30c0a0753c619d67d811fe32"
                    ]
                ],
                "6": [

                ],
                "7": [

                ],
                "8": [

                ],
                "crop_box": [

                ],
                "image_N4": [
                    [
                        {
                            "id": "test",
                            "single_end": false
                        },
                        "T1w.nii.gz:md5,ce10054d30c0a0753c619d67d811fe32"
                    ]
                ],
                "image_bet": [
                    [
                        {
                            "id": "test",
                            "single_end": false
                        },
                        "T1w.nii.gz:md5,ce10054d30c0a0753c619d67d811fe32"
                    ]
                ],
                "image_nlmeans": [
                    [
                        {
                            "id": "test",
                            "single_end": false
                        },
                        "T1w.nii.gz:md5,ce10054d30c0a0753c619d67d811fe32"
                    ]
                ],
                "image_resample": [
                    [
                        {
                            "id": "test",
                            "single_end": false
                        },
                        "T1w.nii.gz:md5,ce10054d30c0a0753c619d67d811fe32"
                    ]
                ],
                "mask_bet": [

                ],
                "mask_final": [

                ],
                "t1_final": [
                    [
                        {
                            "id": "test",
                            "single_end": false
                        },
                        "T1w.nii.gz:md5,ce10054d30c0a0753c619d67d811fe32"
                    ]
                ],
                "versions": [

                ]
            }
        ],
        "meta": {
            "nf-test": "0.9.0",
            "nextflow": "24.10.3"
        },
        "timestamp": "2025-01-14T21:44:26.607236449"
    },
    "preproc_t1_antsbet": {
        "content": [
            "test__denoised.nii.gz:md5:header,a7ee0e819007aba98d14f7a145b550e6,data,2e21433e2bcd4de2a6b6167c6233cd40",
            "test__image_n4.nii.gz:md5:header,e7cfbd06624321d70cbd667a77315ba3,data,a81e98f32ed963c098ccb07486101898",
            "test_resampled.nii.gz:md5:header,7628a07204938d640c3530fa3d76d2b7,data,a81e98f32ed963c098ccb07486101898",
            "test__t1_bet.nii.gz",
            "test__t1_bet_mask.nii.gz",
            "test_t1_cropped_bbox.pkl",
            "test_cropped.nii.gz",
            "test_t1_cropped.nii.gz",
            [
                "versions.yml:md5,b979132991d8f72a3585465533bd5730",
                "versions.yml:md5,bdd934b4b8456060c36d6d97e4f30740",
                "versions.yml:md5,be3dbb0ac2589ad263d583018f339102",
                "versions.yml:md5,bf4dd58c38dd4863ebfb9e78a94c3a20",
                "versions.yml:md5,da278daafbe3afa8454021e2716dd205",
                "versions.yml:md5,ea32c30f5320f720b2f5dc32ac2535ea"
            ]
        ],
        "meta": {
            "nf-test": "0.9.0",
            "nextflow": "24.10.0"
        },
        "timestamp": "2024-12-12T15:50:29.838128539"
    }
}
